// Jest Snapshot v1, https://goo.gl/fbAQLP

exports[`should render component Avatar 1`] = `undefined`;
