// Jest Snapshot v1, https://goo.gl/fbAQLP

exports[`should render component Card 1`] = `undefined`;
