// Jest Snapshot v1, https://goo.gl/fbAQLP

exports[`should render component Header 1`] = `undefined`;
