// Jest Snapshot v1, https://goo.gl/fbAQLP

exports[`should render component Board 1`] = `undefined`;
