// Jest Snapshot v1, https://goo.gl/fbAQLP

exports[`should render component TitleBoard 1`] = `undefined`;
