// Jest Snapshot v1, https://goo.gl/fbAQLP

exports[`should render component HeaderDivisor 1`] = `undefined`;
