// Jest Snapshot v1, https://goo.gl/fbAQLP

exports[`should render component CardListMenu 1`] = `undefined`;
