// Jest Snapshot v1, https://goo.gl/fbAQLP

exports[`should render component HeaderButton 1`] = `undefined`;
