// Jest Snapshot v1, https://goo.gl/fbAQLP

exports[`should render component Label 1`] = `undefined`;
